# This configuration file was linarized and expanded from tests/config/includes.cnf
openssl_conf = openssl_init

[included-file]
present = true

[includes1]
cnf-file = present
conf-file = present

[includes2]
main = present
