/usr/lib64/engines-3/afalg.so
/usr/lib64/engines-3/loader_attic.so
/usr/lib64/engines-3/libpkcs11.so
/usr/lib64/ossl-modules/fips.so
